.next/types/validator.ts(125,39): error TS2307: Cannot find module '../../src/app/dashboard/compras/page.js' or its corresponding type declarations.
.next/types/validator.ts(350,39): error TS2307: Cannot find module '../../src/app/superadmin/empresas/page.js' or its corresponding type declarations.
src/app/superadmin/finanzas/dashboard/page.tsx(65,117): error TS2339: Property 'category' does not exist on type '{ category: any; }[]'.
src/app/superadmin/finanzas/flujo/page.tsx(62,86): error TS2339: Property 'name' does not exist on type '{ name: any; }[]'.
src/app/superadmin/finanzas/flujo/page.tsx(68,85): error TS2339: Property 'name' does not exist on type '{ name: any; category: any; }[]'.
src/app/superadmin/finanzas/flujo/page.tsx(68,152): error TS2339: Property 'category' does not exist on type '{ name: any; category: any; }[]'.
src/components/superadmin/finanza-composed-chart.tsx(47,13): error TS2322: Type '(value: any, name: string) => [string, string]' is not assignable to type 'Formatter<ValueType, NameType> & ((value: ValueType, name: NameType, item: TooltipPayloadEntry, index: number, payload: TooltipPayload) => ReactNode | [...])'.
  Type '(value: any, name: string) => [string, string]' is not assignable to type 'Formatter<ValueType, NameType>'.
    Types of parameters 'name' and 'name' are incompatible.
      Type 'NameType | undefined' is not assignable to type 'string'.
        Type 'undefined' is not assignable to type 'string'.
